16384000
I. int64, int64, int64, int64
1. store
Query was executed successfully
2. summary
{i} schema
{0} 'foo<z:int64 NOT NULL,y:int64 NOT NULL,x:int64 NOT NULL,w:int64 NOT NULL> [i=1:16384000:0:1000000]'
{inst,attid} att,count,bytes,chunks,min_count,avg_count,max_count,min_bytes,avg_bytes,max_bytes
{0,0} 'all',16384000,524293712,85,384000,963765,1000000,48,6.16816e+06,8000072
3. save
{i} z,y,x,w

real	0m6.111s
user	0m0.008s
sys	0m0.007s
500 MB (524288000 B)
4. aio_save(binary)
{chunk_no,dest_instance_id,source_instance_id} val

real	0m2.392s
user	0m0.008s
sys	0m0.006s
500 MB (524288000 B)
5. aio_save(arrow)
{chunk_no,dest_instance_id,source_instance_id} val

real	0m3.415s
user	0m0.008s
sys	0m0.004s
500 MB (524289428 B)
6. Arrow read

real	0m0.560s
user	0m0.498s
sys	0m0.488s
7. SciDB-Py fetch

real	0m7.386s
user	0m1.939s
sys	0m1.753s
8. SciDB-Py fetch w/ Arrow

real	0m7.115s
user	0m1.708s
sys	0m1.824s
Query was executed successfully
II. int64, int64, int64, int64, string('')
1. store
Query was executed successfully
2. summary
{i} schema
{0} 'foo<z:int64 NOT NULL,y:int64 NOT NULL,x:int64 NOT NULL,w:int64 NOT NULL,v:string NOT NULL> [i=1:16384000:0:1000000]'
{inst,attid} att,count,bytes,chunks,min_count,avg_count,max_count,min_bytes,avg_bytes,max_bytes
{0,0} 'all',16384000,524295038,102,384000,963765,1000000,48,5.14015e+06,8000072
3. save
{i} z,y,x,w,v

real	0m9.533s
user	0m0.009s
sys	0m0.002s
578 MB (606208000 B)
4. aio_save(binary)
{chunk_no,dest_instance_id,source_instance_id} val

real	0m3.269s
user	0m0.011s
sys	0m0.006s
578 MB (606208000 B)
5. aio_save(arrow)
{chunk_no,dest_instance_id,source_instance_id} val

real	0m4.726s
user	0m0.011s
sys	0m0.004s
562 MB (589825764 B)
6. Arrow read

real	0m0.763s
user	0m0.644s
sys	0m0.536s
7. SciDB-Py fetch

real	12m37.844s
user	11m36.864s
sys	0m12.024s
8. SciDB-Py fetch w/ Arrow

real	0m10.977s
user	0m2.053s
sys	0m2.062s
Query was executed successfully
