{chunk_no,dest_instance_id,source_instance_id} val
    x    j
0  -9  NaN
1  -8 -8.0
2  -7  NaN
3  -6 -6.0
4  -5  NaN
5  -4 -4.0
6  -3  NaN
7  -2 -2.0
8  -1  NaN
9   0  0.0
10  1  NaN
11  2  2.0
12  3  NaN
13  4  4.0
14  5  NaN
15  6  6.0
16  7  NaN
17  8  8.0
18  9  NaN
