{x} val
{0} 127
{x} val
{0} null
{x} val
{0} -128
{x} val
{0} null
{x} val
{0} 255
{x} val
{0} null
{x} val
{0} 0
{x} val
{0} null
{x} val
{0} 32767
{x} val
{0} null
{x} val
{0} -32768
{x} val
{0} null
{x} val
{0} 65535
{x} val
{0} null
{x} val
{0} 0
{x} val
{0} null
{x} val
{0} 2.14748e+09
{x} val
{0} null
{x} val
{0} -2.14748e+09
{x} val
{0} null
{x} val
{0} 4.29497e+09
{x} val
{0} null
{x} val
{0} 0
{x} val
{0} null
{x} val
{0} 4.29497e+09
{x} val
{0} null
{x} val
{0} 0
{x} val
{0} null
{x} val
{0} 9.22337e+18
{x} val
{0} null
{x} val
{0} -9.22337e+18
{x} val
{0} null
{x} val
{0} 1.84467e+19
{x} val
{0} null
{x} val
{0} 0
{x} val
{0} null
{i} v2_avg,v2_count,count
{0} 127.5,65536000,65536000
{i} v2_avg,v2_count,count
{0} 63.5,32768000,65536000
{i} v2_avg,v2_count,count
{0} 63.5,32768000,65536000
{i} v2_avg,v2_count,count
{0} -0.5,65536000,65536000
{i} v2_avg,v2_count,count
{0} 32767.5,65536000,65536000
{i} v2_avg,v2_count,count
{0} 16383.5,32768000,65536000
{i} v2_avg,v2_count,count
{0} 16383.5,32768000,65536000
{i} v2_avg,v2_count,count
{0} -0.5,65536000,65536000
{i} v2_avg,v2_count,count
{0} 118.182,11,60000000
{i} v2_avg,v2_count,count
{0} 60,6,60000000
{i} v2_avg,v2_count,count
{0} 20651.5,48755,60000000
{i} v2_avg,v2_count,count
{0} 37142.9,115711,60000000
{i} v2_avg,v2_count,count
{0} 2.75938e+08,18128466,60000000
{i} v2_avg,v2_count,count
{0} 2.75938e+08,18128466,60000000
{i} v2_avg,v2_count,count
{0} 6.15636e+17,28128466,60000000
{i} v2_avg,v2_count,count
{0} 1.3731e+18,25814610,60000000
{i} v2_avg,v2_count,count
{0} 5.7723e+17,30000000,60000000
{i} v2_avg,v2_count,count
{0} 5.7723e+17,30000000,60000000
{i} v3_sum,count
{0} 5000000,10000001
